[VK] ✅ Пользовательский токен рабочий, фото будут грузиться
[BOT] Запущен. Ожидаю команды...
[BOT] 🔄 Команда !рестарт
[VK] ✅ Пользовательский токен рабочий, фото будут грузиться
[BOT] Запущен. Ожидаю команды...
[TOP] Средний % удержаний за неделю: 69.38%
[TOP] ✅ Пост в группу ID: 43
[TOP] ✅ ЛС с расшифровкой отправлено в peer_id=365202225
[BOT] 🔄 Команда !рестарт
[VK] ✅ Пользовательский токен рабочий, фото будут грузиться
[BOT] Запущен. Ожидаю команды...
[SELLER] top raw skus: ['5078037740', '5300758668', '5223009431', '5433732012', '5211852620']
[SELLER] v3/product/info/list (sku) status=200
[SELLER] v3 (sku): получено имён 5
[SELLER] top item: sku=5078037740 name='Кран шаровый "Бабочка" Г-Ш 3/4 pn 30'
[SELLER] top item: sku=5300758668 name='Кран шаровый ПП 40'
[SELLER] top item: sku=5223009431 name='Кран шаровый 3/4 Г-Г бабочка PN 40 усиленный'
[SELLER] top item: sku=5433732012 name='Кран шаровый с косым фильтром 1" латунь'
[SELLER] top item: sku=5211852620 name='Кран шаровый 3/4 с фильтром (PN 30)'
[TOP] Средний % удержаний за неделю: 69.38%
[TOP] ✅ Пост в группу ID: 44
[TOP] ✅ ЛС с расшифровкой отправлено в peer_id=365202225
[BOT] 🔄 Команда !рестарт
[VK] ✅ Пользовательский токен рабочий, фото будут грузиться
[BOT] Запущен. Ожидаю команды...
[SELLER] balance status=200
[SELLER] stocks status=200
[SELLER] найдено 32 товаров с остатком < 5
[BOT] 🔄 Команда !рестарт
[VK] ✅ Пользовательский токен рабочий, фото будут грузиться
[BOT] Запущен. Ожидаю команды...
[SELLER] stocks status=200
[SELLER] stocks: получено 49 товаров
[SELLER] stocks sample: {'product_id': 5499774496, 'offer_id': 'wb650jvyqu', 'stocks': [{'type': 'fbo', 'present': 5, 'reserved': 5, 'sku': 5078037740, 'shipment_type': 'SHIPMENT_TYPE_GENERAL', 'warehouse_ids': []}, {'type': 'fbs', 'present': 218, 'reserved': 8, 'sku': 5078037740, 'shipment_type': 'SHIPMENT_TYPE_GENERAL', 'warehouse_ids': []}]}
[SELLER] v3/product/info/list (stocks) status=200
[SELLER] v3 (stocks): получено 32 записей
[SELLER] найдено 32 товаров с остатком < 5
[BOT] 🔄 Команда !рестарт
[VK] ✅ Пользовательский токен рабочий, фото будут грузиться
[BOT] Запущен. Ожидаю команды...
Traceback (most recent call last):
  File "C:\Users\Даня\OneDrive\Desktop\MasterOkBotVK\bot.py", line 950, in <module>
    main()
    ~~~~^^
  File "C:\Users\Даня\OneDrive\Desktop\MasterOkBotVK\bot.py", line 737, in main
    scheduler.start({
    ^^^^^^^^^^^^^^^
AttributeError: module 'scheduler' has no attribute 'start'
[VK] ✅ Пользовательский токен рабочий, фото будут грузиться
[BOT] Запущен. Ожидаю команды...
[SCHEDULER] Запущен фоновый поток
[BOT] 🔄 !рестарт
[VK] ✅ Пользовательский токен рабочий, фото будут грузиться
[BOT] Запущен. Ожидаю команды...
[SCHEDULER] Запущен фоновый поток
[VK] ❌ Опрос: [27] Group authorization failed: method is unavailable with group auth.
[SELLER] review/list status=403
[SELLER] actions status=200
